Microchip MPLAB XC8 Compiler V1.38 ()

Linker command line:

-W-3 --edf=C:\Program Files (x86)\Microchip\xc8\v1.38\dat\en_msgs.txt -cs \
  -h+dist/XC8_PIC10F200/production\Timer.X.production.sym \
  --cmf=dist/XC8_PIC10F200/production\Timer.X.production.cmf -z -Q10F200 \
  -oC:\Users\Kjetil\AppData\Local\Temp\s5j0.2 \
  -Mdist/XC8_PIC10F200/production/Timer.X.production.map -E1 -ver=XC8 \
  -ASTACK=015h-01bh -pstack=STACK -ACODE=00h-0FEh -ASTRCODE=00h-0FEh \
  -ASTRING=00h-0FEh -AENTRY=00h-0FFh-0FEh -ABANK0=010h-01Dh -ARAM=010h-01Dh \
  -AABS1=010h-01Fh -ACOMMON=01Ch-01Fh -ASFR0=00h-0Fh \
  -preset_vec=0ffh,reset_wrap=0h,init,end_init,cinit,clrtext -ppowerup=CODE \
  -pfunctab=ENTRY -ACONFIG=0FFFh-0FFFh -pconfig=CONFIG -DCONFIG=2 \
  -AIDLOC=0100h-0103h -pidloc=IDLOC -DIDLOC=2 -pstrings=-STRING -DCODE=2 \
  -DSTRCODE=2 -DSTRING=2 -DCONST=2 -DENTRY=2 -k \
  C:\Users\Kjetil\AppData\Local\Temp\s5j0.obj \
  dist/XC8_PIC10F200/production\Timer.X.production.obj 

Object code version is 3.11

Machine type is 10F200



                Name                               Link     Load   Length Selector   Space Scale
C:\Users\Kjetil\AppData\Local\Temp\s5j0.obj
                end_init                              0        0        1        0       0
                reset_vec                            FF       FF        1      1FE       0
                config                              FFF      FFF        1     1FFE       0
dist/XC8_PIC10F200/production\Timer.X.production.obj
                cinit                                 1        1        2        0       0
                text2                                30       30        1        6       0
                jmp_tab                              FD       FD        2      1FA       0
                text1                                2F       2F        1        6       0
                maintext                              3        3       2C        6       0
                cstackBANK0                          10       10        5       10       1

TOTAL           Name                               Link     Load   Length     Space
        CLASS   STACK          

        CLASS   CODE           
                reset_vec                            FF       FF        1         0
                text2                                30       30        1         0
                text1                                2F       2F        1         0
                maintext                              3        3       2C         0

        CLASS   STRCODE        

        CLASS   STRING         

        CLASS   ENTRY          
                end_init                              0        0        1         0
                cinit                                 1        1        2         0
                jmp_tab                              FD       FD        2         0

        CLASS   BANK0          
                cstackBANK0                          10       10        5         1

        CLASS   RAM            

        CLASS   ABS1           
                abs_s1                               1C       1C        4         1

        CLASS   COMMON         

        CLASS   SFR0           

        CLASS   CONFIG         
                config                              FFF      FFF        1         0

        CLASS   IDLOC          

        CLASS   CONST          



SEGMENTS        Name                           Load    Length   Top    Selector   Space  Class     Delta

                reset_wrap                     000000  000003  000003         0       0  ENTRY       2
                maintext                       000003  00002E  000031         6       0  CODE        2
                cstackBANK0                    000010  000005  000015        10       1  BANK0       1
                jmp_tab                        0000FD  000002  0000FF       1FA       0  ENTRY       2
                reset_vec                      0000FF  000001  000100       1FE       0  CODE        2
                config                         000FFF  000001  001000      1FFE       0  CONFIG      2


UNUSED ADDRESS RANGES

        Name                Unused          Largest block    Delta
        BANK0            0015-001B              7           1
        CODE             0031-00FC             CC           2
        ENTRY            0031-00FC             CC           2
        IDLOC            0100-0103              4           2
        RAM              0015-001B              7           1
        SFR0             0000-000F             10           1
        STACK            0015-001B              7           1
        STRCODE          0031-00FC             CC           2
        STRING           0031-00FC             CC           2

                                  Symbol Table

_ConfigureOscillator          text2        0030
_GPIO                         (abs)        0006
_InitApp                      text1        002F
_OPTION                       (abs)        0000
_OSCCAL                       (abs)        0005
_TMR0                         (abs)        0001
_TRISGPIO                     (abs)        0006
__CFG_CP$OFF                  (abs)        0000
__CFG_MCLRE$ON                (abs)        0000
__CFG_WDTE$OFF                (abs)        0000
__Habs1                       abs1         0000
__Hbank0                      bank0        0000
__Hcinit                      cinit        0003
__Hclrtext                    clrtext      0003
__Hcode                       code         0000
__Hcommon                     common       0000
__Hconfig                     config       1000
__HcstackBANK0                cstackBANK0  0000
__HcstackCOMMON               cstackCOMMON 0000
__Hend_init                   end_init     0001
__Hfunctab                    functab      0000
__Hidloc                      idloc        0000
__Hinit                       init         0000
__Hjmp_tab                    jmp_tab      0000
__Hmaintext                   maintext     0000
__Hpowerup                    powerup      0000
__Hram                        ram          0000
__Hreset_vec                  reset_vec    0100
__Hreset_wrap                 reset_wrap   0000
__Hsfr0                       sfr0         0000
__Hspace_0                    (abs)        1000
__Hspace_1                    (abs)        0015
__Hspace_2                    (abs)        0000
__Hstack                      stack        0000
__Hstrings                    strings      0000
__Htext                       text         0000
__Labs1                       abs1         0000
__Lbank0                      bank0        0000
__Lcinit                      cinit        0001
__Lclrtext                    clrtext      0003
__Lcode                       code         0000
__Lcommon                     common       0000
__Lconfig                     config       0FFF
__LcstackBANK0                cstackBANK0  0000
__LcstackCOMMON               cstackCOMMON 0000
__Lend_init                   end_init     0000
__Lfunctab                    functab      0000
__Lidloc                      idloc        0000
__Linit                       init         0000
__Ljmp_tab                    jmp_tab      0000
__Lmaintext                   maintext     0000
__Lpowerup                    powerup      0000
__Lram                        ram          0000
__Lreset_vec                  reset_vec    00FF
__Lreset_wrap                 reset_wrap   0000
__Lsfr0                       sfr0         0000
__Lspace_0                    (abs)        0000
__Lspace_1                    (abs)        0000
__Lspace_2                    (abs)        0000
__Lstack                      stack        0000
__Lstrings                    strings      0000
__Ltext                       text         0000
__S0                          (abs)        1000
__S1                          (abs)        0015
__S2                          (abs)        0000
___int_sp                     stack        0000
___latbits                    (abs)        0000
___sp                         stack        0000
__end_of_ConfigureOscillator  text2        0031
__end_of_InitApp              text1        0030
__end_of__initialization      cinit        0001
__end_of_main                 maintext     002F
__initialization              cinit        0001
__pcstackBANK0                cstackBANK0  0010
__pcstackCOMMON               cstackCOMMON 0000
__pjmp_tab                    jmp_tab      00FD
__pmaintext                   maintext     0003
__ptext1                      text1        002F
__ptext2                      text2        0030
__size_of_ConfigureOscillator (abs)        0000
__size_of_InitApp             (abs)        0000
__size_of_main                (abs)        0000
_main                         maintext     0003
btemp                         (abs)        001C
end_of_initialization         cinit        0001
entry__ConfigureOscillator    jmp_tab      00FE
entry__InitApp                jmp_tab      00FD
ltemp                         (abs)        001C
ltemp0                        (abs)        001C
ltemp1                        (abs)        0020
ltemp2                        (abs)        0024
ltemp3                        (abs)        001E
main@timerClockCount          cstackBANK0  0013
reset_vec                     reset_vec    00FF
stackhi                       (abs)        0000
stacklo                       (abs)        0000
start                         init         0000
start_initialization          cinit        0001
ttemp                         (abs)        001C
ttemp0                        (abs)        001C
ttemp1                        (abs)        001F
ttemp2                        (abs)        0022
ttemp3                        (abs)        0025
ttemp4                        (abs)        001D
wtemp                         (abs)        001C
wtemp0                        (abs)        001C
wtemp1                        (abs)        001E
wtemp2                        (abs)        0020
wtemp3                        (abs)        0022
wtemp4                        (abs)        0024
wtemp5                        (abs)        0026
wtemp6                        (abs)        001D


FUNCTION INFORMATION:

 *************** function _main *****************
 Defined at:
		line 23 in file "main.c"
 Parameters:    Size  Location     Type
		None
 Auto vars:     Size  Location     Type
  timerClockCo    2    3[BANK0 ] unsigned int 
 Return value:  Size  Location     Type
                  1   18[None  ] void 
 Registers used:
		wreg, fsr0l, fsr0h, status,2, status,0, btemp+0, btemp+1, pclath, cstack
 Tracked objects:
		On entry : 
		On exit  : 
		Unchanged: 
 Data sizes:     COMMON   BANK0
      Params:         0       0
      Locals:         0       2
      Temps:          0       3
      Totals:         0       5
Total ram usage:        5 bytes
 Hardware stack levels required when called:    1
 This function calls:
		_ConfigureOscillator
		_InitApp
 This function is called by:
		Startup code after reset
 This function uses a non-reentrant model


 *************** function _InitApp *****************
 Defined at:
		line 13 in file "user.c"
 Parameters:    Size  Location     Type
		None
 Auto vars:     Size  Location     Type
		None
 Return value:  Size  Location     Type
                  1    4[None  ] void 
 Registers used:
		wreg
 Tracked objects:
		On entry : 
		On exit  : 
		Unchanged: 
 Data sizes:     COMMON   BANK0
      Params:         0       0
      Locals:         0       0
      Temps:          0       0
      Totals:         0       0
Total ram usage:        0 bytes
 Hardware stack levels used:    1
 This function calls:
		Nothing
 This function is called by:
		_main
 This function uses a non-reentrant model


 *************** function _ConfigureOscillator *****************
 Defined at:
		line 18 in file "system.c"
 Parameters:    Size  Location     Type
		None
 Auto vars:     Size  Location     Type
		None
 Return value:  Size  Location     Type
                  1    2[None  ] void 
 Registers used:
		wreg
 Tracked objects:
		On entry : 
		On exit  : 
		Unchanged: 
 Data sizes:     COMMON   BANK0
      Params:         0       0
      Locals:         0       0
      Temps:          0       0
      Totals:         0       0
Total ram usage:        0 bytes
 Hardware stack levels used:    1
 This function calls:
		Nothing
 This function is called by:
		_main
 This function uses a non-reentrant model



MODULE INFORMATION

Module		Function		Class		Link	Load	Size
shared
		__initialization		ENTRY          	0001	0000	1

shared estimated size: 1

user.c
		_InitApp       		CODE           	002F	0000	2

user.c estimated size: 2

main.c
		_main          		CODE           	0003	0000	45

main.c estimated size: 45

system.c
		_ConfigureOscillator		CODE           	0030	0000	2

system.c estimated size: 2

